// Jest Snapshot v1, https://goo.gl/fbAQLP

exports[`BaseComponent renders 1`] = `"<div></div>"`;
